2026-02-11 18:26:17.014 | INFO     | core.background_service:main:261 - ============================================================
2026-02-11 18:26:17.015 | INFO     | core.background_service:main:262 - AI BI Desktop Assistant v1.0.0
2026-02-11 18:26:17.015 | INFO     | core.background_service:main:263 - ============================================================
2026-02-11 18:26:17.015 | INFO     | core.background_service:__init__:48 - Background Service initialized
2026-02-11 18:26:17.016 | INFO     | core.background_service:start_file_monitoring:235 - Monitoring /Users/shryqb/Downloads for new data files
2026-02-11 18:26:17.092 | INFO     | core.background_service:run:148 - Starting system tray service...
2026-02-11 18:26:17.092 | INFO     | core.background_service:run:149 - Right-click the tray icon to access features
2026-02-11 18:26:19.842 | INFO     | core.background_service:open_dashboard:77 - Launching Gradio dashboard...
2026-02-11 18:26:19.843 | INFO     | core.orchestrator:__init__:51 - Initializing AI Orchestrator...
2026-02-11 18:26:19.843 | INFO     | core.background_service:open_dashboard:87 - Dashboard launched at http://localhost:7860
2026-02-11 18:26:19.844 | INFO     | engines.target_detection:__init__:40 - Target Detection Engine initialized
2026-02-11 18:26:19.844 | INFO     | engines.feature_correlation:__init__:45 - Feature Correlation Engine initialized
2026-02-11 18:26:19.845 | INFO     | engines.graph_selection:__init__:43 - Auto Graph Selection Engine initialized
2026-02-11 18:26:19.845 | INFO     | engines.automl:__init__:66 - AutoML Engine initialized
2026-02-11 18:26:19.845 | INFO     | engines.insight_generation:__init__:40 - Insight Generation Engine initialized
2026-02-11 18:26:19.846 | INFO     | core.orchestrator:__init__:62 - AI Orchestrator initialized successfully
2026-02-11 18:26:19.846 | INFO     | engines.graph_selection:__init__:43 - Auto Graph Selection Engine initialized
2026-02-11 18:26:19.846 | INFO     | ui.gradio_app:__init__:31 - Gradio Dashboard initialized
2026-02-11 18:26:20.041 | INFO     | ui.gradio_app:launch_dashboard:415 - Launching dashboard on port 7860
2026-02-11 18:26:34.691 | INFO     | ui.gradio_app:run_analysis:208 - Running analysis on /private/var/folders/9d/pbl0kgbd7b14b81rzcc7zbww0000gn/T/gradio/423c35565820ec72451f1fb0403a43b622400bcc675480c9ec6658d0b150f4f6/sample_churn_data.csv
2026-02-11 18:26:34.691 | INFO     | core.orchestrator:analyze_dataset:77 - Starting analysis of /private/var/folders/9d/pbl0kgbd7b14b81rzcc7zbww0000gn/T/gradio/423c35565820ec72451f1fb0403a43b622400bcc675480c9ec6658d0b150f4f6/sample_churn_data.csv
2026-02-11 18:26:34.694 | INFO     | core.orchestrator:analyze_dataset:81 - Loaded dataset: 1000 rows, 8 columns
2026-02-11 18:26:34.696 | INFO     | core.orchestrator:analyze_dataset:87 - Step 1/5: Detecting target column...
2026-02-11 18:26:34.696 | INFO     | engines.target_detection:detect_targets:54 - Detecting target columns in dataset with shape (1000, 8)
2026-02-11 18:26:34.698 | INFO     | engines.target_detection:detect_targets:77 - Detected 3 target candidates
2026-02-11 18:26:34.699 | INFO     | engines.target_detection:detect_targets:79 -   - TargetCandidate(customer_churn, 0.850, binary_classification)
2026-02-11 18:26:34.699 | INFO     | engines.target_detection:detect_targets:79 -   - TargetCandidate(contract_type, 0.630, multiclass_classification)
2026-02-11 18:26:34.699 | INFO     | engines.target_detection:detect_targets:79 -   - TargetCandidate(payment_method, 0.630, multiclass_classification)
2026-02-11 18:26:34.699 | INFO     | core.orchestrator:analyze_dataset:94 - Selected target: customer_churn (binary_classification)
2026-02-11 18:26:34.699 | INFO     | core.orchestrator:analyze_dataset:97 - Step 2/5: Analyzing feature correlations...
2026-02-11 18:26:34.699 | INFO     | engines.feature_correlation:analyze_correlations:62 - Analyzing correlations for target: customer_churn (binary_classification)
2026-02-11 18:26:34.711 | INFO     | engines.feature_correlation:analyze_correlations:83 - Found 4 significant correlations
2026-02-11 18:26:34.711 | INFO     | core.orchestrator:analyze_dataset:103 - Found 4 significant correlations
2026-02-11 18:26:34.711 | INFO     | core.orchestrator:analyze_dataset:106 - Step 3/5: Selecting optimal visualizations...
2026-02-11 18:26:34.711 | INFO     | engines.graph_selection:select_graphs:67 - Selecting graphs for top 4 features
2026-02-11 18:26:34.714 | INFO     | engines.graph_selection:select_graphs:87 - Generated 4 graph specifications
2026-02-11 18:26:34.714 | INFO     | core.orchestrator:analyze_dataset:113 - Generated 4 graph specifications
2026-02-11 18:26:34.714 | INFO     | core.orchestrator:analyze_dataset:116 - Step 4/5: Training and optimizing ML models...
2026-02-11 18:26:34.715 | INFO     | engines.automl:auto_train:88 - Starting AutoML for binary_classification task on customer_churn
2026-02-11 18:26:34.716 | INFO     | engines.automl:auto_train:96 - Training 9 models with Optuna optimization
2026-02-11 18:26:34.716 | INFO     | engines.automl:auto_train:102 - Optimizing random_forest...
2026-02-11 18:26:44.766 | INFO     | engines.automl:auto_train:111 -   ✓ random_forest: 0.9186±0.0106
2026-02-11 18:26:44.767 | INFO     | engines.automl:auto_train:102 - Optimizing extra_trees...
2026-02-11 18:26:51.081 | INFO     | engines.automl:auto_train:111 -   ✓ extra_trees: 0.8848±0.0219
2026-02-11 18:26:51.081 | INFO     | engines.automl:auto_train:102 - Optimizing xgboost...
2026-02-11 18:26:54.161 | INFO     | engines.automl:auto_train:111 -   ✓ xgboost: 0.9173±0.0164
2026-02-11 18:26:54.161 | INFO     | engines.automl:auto_train:102 - Optimizing lightgbm...
2026-02-11 18:27:53.613 | INFO     | engines.automl:auto_train:111 -   ✓ lightgbm: 0.8994±0.0130
2026-02-11 18:27:53.613 | INFO     | engines.automl:auto_train:102 - Optimizing catboost...
2026-02-11 18:28:38.100 | INFO     | engines.automl:auto_train:111 -   ✓ catboost: 0.9206±0.0142
2026-02-11 18:28:38.100 | INFO     | engines.automl:auto_train:102 - Optimizing gradient_boosting...
2026-02-11 18:28:52.217 | INFO     | engines.automl:auto_train:111 -   ✓ gradient_boosting: 0.9168±0.0123
2026-02-11 18:28:52.217 | INFO     | engines.automl:auto_train:102 - Optimizing logistic_regression...
2026-02-11 18:28:53.825 | INFO     | engines.automl:auto_train:111 -   ✓ logistic_regression: 0.8309±0.0187
2026-02-11 18:28:53.825 | INFO     | engines.automl:auto_train:102 - Optimizing adaboost...
2026-02-11 18:28:57.056 | INFO     | engines.automl:auto_train:111 -   ✓ adaboost: 0.9027±0.0154
2026-02-11 18:28:57.056 | INFO     | engines.automl:auto_train:102 - Optimizing svc...
2026-02-11 18:28:59.840 | INFO     | engines.automl:auto_train:111 -   ✓ svc: 0.8724±0.0111
2026-02-11 18:28:59.840 | INFO     | engines.automl:auto_train:123 - Best model: catboost (CV: 0.9206)
2026-02-11 18:28:59.840 | INFO     | core.orchestrator:analyze_dataset:122 - Best model: catboost (CV: 0.9206)
2026-02-11 18:28:59.840 | INFO     | core.orchestrator:analyze_dataset:125 - Step 5/5: Generating AI insights...
2026-02-11 18:28:59.840 | INFO     | engines.insight_generation:generate_all_insights:53 - Generating AI insights...
2026-02-11 18:28:59.840 | INFO     | engines.insight_generation:generate_all_insights:87 - Generated 10 insights
2026-02-11 18:28:59.840 | INFO     | core.orchestrator:analyze_dataset:135 - Generated 10 insights
2026-02-11 18:28:59.883 | INFO     | core.orchestrator:_save_analysis_result:233 - Analysis result saved to /Users/shryqb/PycharmProjects/ai_bi_desktop/cache/sample_churn_data_analysis.pkl
2026-02-11 18:28:59.884 | INFO     | core.orchestrator:analyze_dataset:153 - Analysis complete!
2026-02-11 19:03:45.849 | WARNING  | core.background_service:analyze_last_file:97 - No file to analyze
