2026-02-12 17:16:03.862 | INFO     | core.background_service:main:261 - ============================================================
2026-02-12 17:16:03.862 | INFO     | core.background_service:main:262 - AI BI Desktop Assistant v1.0.0
2026-02-12 17:16:03.862 | INFO     | core.background_service:main:263 - ============================================================
2026-02-12 17:16:03.862 | INFO     | core.background_service:__init__:48 - Background Service initialized
2026-02-12 17:16:03.911 | INFO     | core.background_service:start_file_monitoring:235 - Monitoring /Users/shryqb/Downloads for new data files
2026-02-12 17:16:04.002 | INFO     | core.background_service:run:148 - Starting system tray service...
2026-02-12 17:16:04.002 | INFO     | core.background_service:run:149 - Right-click the tray icon to access features
2026-02-12 17:16:08.104 | INFO     | core.background_service:open_dashboard:77 - Launching Gradio dashboard...
2026-02-12 17:16:08.105 | INFO     | core.orchestrator:__init__:51 - Initializing AI Orchestrator...
2026-02-12 17:16:08.105 | INFO     | core.background_service:open_dashboard:87 - Dashboard launched at http://localhost:7860
2026-02-12 17:16:08.105 | INFO     | engines.target_detection:__init__:40 - Target Detection Engine initialized
2026-02-12 17:16:08.105 | INFO     | engines.feature_correlation:__init__:45 - Feature Correlation Engine initialized
2026-02-12 17:16:08.106 | INFO     | engines.graph_selection:__init__:43 - Auto Graph Selection Engine initialized
2026-02-12 17:16:08.106 | INFO     | engines.automl:__init__:66 - AutoML Engine initialized
2026-02-12 17:16:08.107 | INFO     | engines.insight_generation:__init__:40 - Insight Generation Engine initialized
2026-02-12 17:16:08.107 | INFO     | core.orchestrator:__init__:62 - AI Orchestrator initialized successfully
2026-02-12 17:16:08.107 | INFO     | engines.graph_selection:__init__:43 - Auto Graph Selection Engine initialized
2026-02-12 17:16:08.107 | INFO     | ui.gradio_app:__init__:31 - Gradio Dashboard initialized
2026-02-12 17:16:08.331 | INFO     | ui.gradio_app:launch_dashboard:415 - Launching dashboard on port 7860
2026-02-12 17:16:21.679 | INFO     | ui.gradio_app:run_analysis:208 - Running analysis on /private/var/folders/9d/pbl0kgbd7b14b81rzcc7zbww0000gn/T/gradio/96b1307ee47206f244265b125b272e2ab70c86ce7de6fbe3a5415ad382bae8aa/train.csv
2026-02-12 17:16:21.679 | INFO     | core.orchestrator:analyze_dataset:77 - Starting analysis of /private/var/folders/9d/pbl0kgbd7b14b81rzcc7zbww0000gn/T/gradio/96b1307ee47206f244265b125b272e2ab70c86ce7de6fbe3a5415ad382bae8aa/train.csv
2026-02-12 17:16:21.695 | INFO     | core.orchestrator:analyze_dataset:81 - Loaded dataset: 1442 rows, 55 columns
2026-02-12 17:16:21.699 | INFO     | core.orchestrator:analyze_dataset:87 - Step 1/5: Detecting target column...
2026-02-12 17:16:21.699 | INFO     | engines.target_detection:detect_targets:54 - Detecting target columns in dataset with shape (1442, 55)
2026-02-12 17:16:21.700 | INFO     | core.orchestrator:analyze_dataset:94 - Selected target: IsDefault (binary_classification)
2026-02-12 17:16:21.700 | INFO     | core.orchestrator:analyze_dataset:97 - Step 2/5: Analyzing feature correlations...
2026-02-12 17:16:21.700 | INFO     | engines.feature_correlation:analyze_correlations:62 - Analyzing correlations for target: IsDefault (binary_classification)
2026-02-12 17:16:21.898 | INFO     | engines.feature_correlation:analyze_correlations:83 - Found 20 significant correlations
2026-02-12 17:16:21.898 | INFO     | core.orchestrator:analyze_dataset:103 - Found 20 significant correlations
2026-02-12 17:16:21.898 | INFO     | core.orchestrator:analyze_dataset:106 - Step 3/5: Selecting optimal visualizations...
2026-02-12 17:16:21.898 | INFO     | engines.graph_selection:select_graphs:67 - Selecting graphs for top 12 features
2026-02-12 17:16:21.898 | INFO     | engines.graph_selection:select_graphs:87 - Generated 12 graph specifications
2026-02-12 17:16:21.898 | INFO     | core.orchestrator:analyze_dataset:113 - Generated 12 graph specifications
2026-02-12 17:16:21.898 | INFO     | core.orchestrator:analyze_dataset:116 - Step 4/5: Training and optimizing ML models...
2026-02-12 17:16:21.898 | INFO     | engines.automl:auto_train:88 - Starting AutoML for binary_classification task on IsDefault
2026-02-12 17:16:21.899 | INFO     | engines.automl:auto_train:96 - Training 9 models with Optuna optimization
2026-02-12 17:16:21.899 | INFO     | engines.automl:auto_train:102 - Optimizing random_forest...
2026-02-12 17:16:38.917 | INFO     | engines.automl:auto_train:111 -   ✓ random_forest: 0.9697±0.0054
2026-02-12 17:16:38.917 | INFO     | engines.automl:auto_train:102 - Optimizing extra_trees...
2026-02-12 17:16:42.963 | INFO     | engines.automl:auto_train:111 -   ✓ extra_trees: 0.8735±0.0428
2026-02-12 17:16:42.963 | INFO     | engines.automl:auto_train:102 - Optimizing xgboost...
2026-02-12 17:16:47.266 | INFO     | engines.automl:auto_train:111 -   ✓ xgboost: 0.9940±0.0025
2026-02-12 17:16:47.266 | INFO     | engines.automl:auto_train:102 - Optimizing lightgbm...
2026-02-12 17:17:09.457 | INFO     | engines.automl:auto_train:111 -   ✓ lightgbm: 0.6413±0.0728
2026-02-12 17:17:09.458 | INFO     | engines.automl:auto_train:102 - Optimizing catboost...
2026-02-12 17:22:30.079 | INFO     | engines.automl:auto_train:111 -   ✓ catboost: 0.7770±0.0568
2026-02-12 17:22:30.079 | INFO     | engines.automl:auto_train:102 - Optimizing gradient_boosting...
2026-02-12 17:22:59.291 | INFO     | engines.automl:auto_train:111 -   ✓ gradient_boosting: 0.5232±0.0463
2026-02-12 17:22:59.292 | INFO     | engines.automl:auto_train:102 - Optimizing logistic_regression...
2026-02-12 17:23:05.967 | INFO     | engines.automl:auto_train:111 -   ✓ logistic_regression: 0.9049±0.0151
2026-02-12 17:23:05.967 | INFO     | engines.automl:auto_train:102 - Optimizing adaboost...
2026-02-12 17:23:08.372 | INFO     | engines.automl:auto_train:111 -   ✓ adaboost: 0.5000±0.0000
2026-02-12 17:23:08.372 | INFO     | engines.automl:auto_train:102 - Optimizing svc...
2026-02-12 17:23:15.810 | INFO     | engines.automl:auto_train:111 -   ✓ svc: 0.8201±0.0415
2026-02-12 17:23:15.810 | INFO     | engines.automl:auto_train:123 - Best model: xgboost (CV: 0.9940)
2026-02-12 17:23:15.811 | INFO     | core.orchestrator:analyze_dataset:122 - Best model: xgboost (CV: 0.9940)
2026-02-12 17:23:15.811 | INFO     | core.orchestrator:analyze_dataset:125 - Step 5/5: Generating AI insights...
2026-02-12 17:23:15.811 | INFO     | engines.insight_generation:generate_all_insights:53 - Generating AI insights...
2026-02-12 17:23:15.812 | INFO     | engines.insight_generation:generate_all_insights:87 - Generated 11 insights
2026-02-12 17:23:15.812 | INFO     | core.orchestrator:analyze_dataset:135 - Generated 11 insights
2026-02-12 17:23:15.864 | INFO     | core.orchestrator:_save_analysis_result:233 - Analysis result saved to /Users/shryqb/PycharmProjects/ai_bi_desktop/cache/train_analysis.pkl
2026-02-12 17:23:15.864 | INFO     | core.orchestrator:analyze_dataset:153 - Analysis complete!
