2026-02-12 18:14:46.957 | INFO     | core.background_service:main:261 - ============================================================
2026-02-12 18:14:46.957 | INFO     | core.background_service:main:262 - AI BI Desktop Assistant v1.0.0
2026-02-12 18:14:46.957 | INFO     | core.background_service:main:263 - ============================================================
2026-02-12 18:14:46.957 | INFO     | core.background_service:__init__:48 - Background Service initialized
2026-02-12 18:14:46.958 | INFO     | core.background_service:start_file_monitoring:235 - Monitoring /Users/shryqb/Downloads for new data files
2026-02-12 18:14:47.033 | INFO     | core.background_service:run:148 - Starting system tray service...
2026-02-12 18:14:47.033 | INFO     | core.background_service:run:149 - Right-click the tray icon to access features
2026-02-12 18:14:50.302 | INFO     | core.background_service:open_dashboard:77 - Launching Gradio dashboard...
2026-02-12 18:14:50.303 | INFO     | core.orchestrator:__init__:51 - Initializing AI Orchestrator...
2026-02-12 18:14:50.303 | INFO     | core.background_service:open_dashboard:87 - Dashboard launched at http://localhost:7860
2026-02-12 18:14:50.303 | INFO     | engines.target_detection:__init__:40 - Target Detection Engine initialized
2026-02-12 18:14:50.303 | INFO     | engines.feature_correlation:__init__:45 - Feature Correlation Engine initialized
2026-02-12 18:14:50.303 | INFO     | engines.graph_selection:__init__:43 - Auto Graph Selection Engine initialized
2026-02-12 18:14:50.304 | INFO     | engines.automl:__init__:66 - AutoML Engine initialized
2026-02-12 18:14:50.304 | INFO     | engines.insight_generation:__init__:40 - Insight Generation Engine initialized
2026-02-12 18:14:50.304 | INFO     | core.orchestrator:__init__:62 - AI Orchestrator initialized successfully
2026-02-12 18:14:50.305 | INFO     | engines.graph_selection:__init__:43 - Auto Graph Selection Engine initialized
2026-02-12 18:14:50.305 | INFO     | ui.gradio_app:__init__:32 - Gradio Dashboard initialized
2026-02-12 18:14:50.492 | INFO     | ui.gradio_app:launch_dashboard:440 - Launching dashboard on port 7860
2026-02-12 18:14:57.172 | INFO     | ui.gradio_app:run_analysis:209 - Running analysis on /private/var/folders/9d/pbl0kgbd7b14b81rzcc7zbww0000gn/T/gradio/ad5350e79dc6345106a493cd22651efd02ecb781bba5551a5b00da1b3029c85d/mydata_exp.xlsx
2026-02-12 18:14:57.172 | INFO     | core.orchestrator:analyze_dataset:77 - Starting analysis of /private/var/folders/9d/pbl0kgbd7b14b81rzcc7zbww0000gn/T/gradio/ad5350e79dc6345106a493cd22651efd02ecb781bba5551a5b00da1b3029c85d/mydata_exp.xlsx
2026-02-12 18:14:57.262 | INFO     | core.orchestrator:analyze_dataset:81 - Loaded dataset: 1950 rows, 5 columns
2026-02-12 18:14:57.264 | INFO     | core.orchestrator:analyze_dataset:87 - Step 1/5: Detecting target column...
2026-02-12 18:14:57.264 | INFO     | engines.target_detection:detect_targets:54 - Detecting target columns in dataset with shape (1950, 5)
2026-02-12 18:14:57.265 | INFO     | engines.target_detection:detect_targets:77 - Detected 3 target candidates
2026-02-12 18:14:57.265 | INFO     | engines.target_detection:detect_targets:79 -   - TargetCandidate(accept_job, 0.550, binary_classification)
2026-02-12 18:14:57.265 | INFO     | engines.target_detection:detect_targets:79 -   - TargetCandidate(age, 0.480, multiclass_classification)
2026-02-12 18:14:57.265 | INFO     | engines.target_detection:detect_targets:79 -   - TargetCandidate(luck, 0.450, binary_classification)
2026-02-12 18:14:57.265 | INFO     | core.orchestrator:analyze_dataset:94 - Selected target: accept_job (binary_classification)
2026-02-12 18:14:57.265 | INFO     | core.orchestrator:analyze_dataset:97 - Step 2/5: Analyzing feature correlations...
2026-02-12 18:14:57.265 | INFO     | engines.feature_correlation:analyze_correlations:62 - Analyzing correlations for target: accept_job (binary_classification)
2026-02-12 18:14:57.272 | INFO     | engines.feature_correlation:analyze_correlations:83 - Found 3 significant correlations
2026-02-12 18:14:57.272 | INFO     | core.orchestrator:analyze_dataset:103 - Found 3 significant correlations
2026-02-12 18:14:57.272 | INFO     | core.orchestrator:analyze_dataset:106 - Step 3/5: Selecting optimal visualizations...
2026-02-12 18:14:57.272 | INFO     | engines.graph_selection:select_graphs:67 - Selecting graphs for top 3 features
2026-02-12 18:14:57.277 | INFO     | engines.graph_selection:select_graphs:87 - Generated 3 graph specifications
2026-02-12 18:14:57.277 | INFO     | core.orchestrator:analyze_dataset:113 - Generated 3 graph specifications
2026-02-12 18:14:57.277 | INFO     | core.orchestrator:analyze_dataset:116 - Step 4/5: Training and optimizing ML models...
2026-02-12 18:14:57.277 | INFO     | engines.automl:auto_train:88 - Starting AutoML for binary_classification task on accept_job
2026-02-12 18:14:57.278 | INFO     | engines.automl:auto_train:96 - Training 9 models with Optuna optimization
2026-02-12 18:14:57.278 | INFO     | engines.automl:auto_train:102 - Optimizing random_forest...
2026-02-12 18:15:04.039 | INFO     | engines.automl:auto_train:111 -   ✓ random_forest: 0.7621±0.0145
2026-02-12 18:15:04.039 | INFO     | engines.automl:auto_train:102 - Optimizing extra_trees...
2026-02-12 18:15:07.300 | INFO     | engines.automl:auto_train:111 -   ✓ extra_trees: 0.7374±0.0185
2026-02-12 18:15:07.301 | INFO     | engines.automl:auto_train:102 - Optimizing xgboost...
2026-02-12 18:15:09.769 | INFO     | engines.automl:auto_train:111 -   ✓ xgboost: 0.7651±0.0127
2026-02-12 18:15:09.769 | INFO     | engines.automl:auto_train:102 - Optimizing lightgbm...
2026-02-12 18:15:56.522 | INFO     | engines.automl:auto_train:111 -   ✓ lightgbm: 0.7602±0.0141
2026-02-12 18:15:56.522 | INFO     | engines.automl:auto_train:102 - Optimizing catboost...
2026-02-12 18:16:00.609 | INFO     | engines.automl:auto_train:111 -   ✓ catboost: 0.7653±0.0107
2026-02-12 18:16:00.609 | INFO     | engines.automl:auto_train:102 - Optimizing gradient_boosting...
2026-02-12 18:16:07.056 | INFO     | engines.automl:auto_train:111 -   ✓ gradient_boosting: 0.7627±0.0111
2026-02-12 18:16:07.056 | INFO     | engines.automl:auto_train:102 - Optimizing logistic_regression...
2026-02-12 18:16:08.325 | INFO     | engines.automl:auto_train:111 -   ✓ logistic_regression: 0.7190±0.0126
2026-02-12 18:16:08.325 | INFO     | engines.automl:auto_train:102 - Optimizing adaboost...
2026-02-12 18:16:11.549 | INFO     | engines.automl:auto_train:111 -   ✓ adaboost: 0.7621±0.0149
2026-02-12 18:16:11.549 | INFO     | engines.automl:auto_train:102 - Optimizing svc...
2026-02-12 18:16:16.728 | INFO     | engines.automl:auto_train:111 -   ✓ svc: 0.7280±0.0278
2026-02-12 18:16:16.728 | INFO     | engines.automl:auto_train:123 - Best model: catboost (CV: 0.7653)
2026-02-12 18:16:16.728 | INFO     | core.orchestrator:analyze_dataset:122 - Best model: catboost (CV: 0.7653)
2026-02-12 18:16:16.728 | INFO     | core.orchestrator:analyze_dataset:125 - Step 5/5: Generating AI insights...
2026-02-12 18:16:16.728 | INFO     | engines.insight_generation:generate_all_insights:53 - Generating AI insights...
2026-02-12 18:16:16.728 | INFO     | engines.insight_generation:generate_all_insights:87 - Generated 9 insights
2026-02-12 18:16:16.728 | INFO     | core.orchestrator:analyze_dataset:135 - Generated 9 insights
2026-02-12 18:16:16.761 | INFO     | core.orchestrator:_save_analysis_result:233 - Analysis result saved to /Users/shryqb/PycharmProjects/ai_bi_desktop/cache/mydata_exp_analysis.pkl
2026-02-12 18:16:16.762 | INFO     | core.orchestrator:analyze_dataset:153 - Analysis complete!
2026-02-12 18:23:38.615 | INFO     | ui.gradio_app:run_analysis:209 - Running analysis on /private/var/folders/9d/pbl0kgbd7b14b81rzcc7zbww0000gn/T/gradio/96b1307ee47206f244265b125b272e2ab70c86ce7de6fbe3a5415ad382bae8aa/train.csv
2026-02-12 18:23:38.615 | INFO     | core.orchestrator:analyze_dataset:77 - Starting analysis of /private/var/folders/9d/pbl0kgbd7b14b81rzcc7zbww0000gn/T/gradio/96b1307ee47206f244265b125b272e2ab70c86ce7de6fbe3a5415ad382bae8aa/train.csv
2026-02-12 18:23:38.632 | INFO     | core.orchestrator:analyze_dataset:81 - Loaded dataset: 1442 rows, 55 columns
2026-02-12 18:23:38.636 | INFO     | core.orchestrator:analyze_dataset:87 - Step 1/5: Detecting target column...
2026-02-12 18:23:38.636 | INFO     | engines.target_detection:detect_targets:54 - Detecting target columns in dataset with shape (1442, 55)
2026-02-12 18:23:38.658 | INFO     | engines.target_detection:detect_targets:77 - Detected 3 target candidates
2026-02-12 18:23:38.658 | INFO     | engines.target_detection:detect_targets:79 -   - TargetCandidate(IsDefault, 1.000, binary_classification)
2026-02-12 18:23:38.658 | INFO     | engines.target_detection:detect_targets:79 -   - TargetCandidate(Company nature (state owned assets 0, others 1), 0.800, binary_classification)
2026-02-12 18:23:38.658 | INFO     | engines.target_detection:detect_targets:79 -   - TargetCandidate(Net cash flow from operations has been negative for three consecutive years, 0.750, binary_classification)
2026-02-12 18:23:38.658 | INFO     | core.orchestrator:analyze_dataset:94 - Selected target: IsDefault (binary_classification)
2026-02-12 18:23:38.658 | INFO     | core.orchestrator:analyze_dataset:97 - Step 2/5: Analyzing feature correlations...
2026-02-12 18:23:38.658 | INFO     | engines.feature_correlation:analyze_correlations:62 - Analyzing correlations for target: IsDefault (binary_classification)
2026-02-12 18:23:38.917 | INFO     | engines.feature_correlation:analyze_correlations:83 - Found 20 significant correlations
2026-02-12 18:23:38.917 | INFO     | core.orchestrator:analyze_dataset:103 - Found 20 significant correlations
2026-02-12 18:23:38.917 | INFO     | core.orchestrator:analyze_dataset:106 - Step 3/5: Selecting optimal visualizations...
2026-02-12 18:23:38.917 | INFO     | engines.graph_selection:select_graphs:67 - Selecting graphs for top 12 features
2026-02-12 18:23:38.917 | INFO     | engines.graph_selection:select_graphs:87 - Generated 12 graph specifications
2026-02-12 18:23:38.917 | INFO     | core.orchestrator:analyze_dataset:113 - Generated 12 graph specifications
2026-02-12 18:23:38.917 | INFO     | core.orchestrator:analyze_dataset:116 - Step 4/5: Training and optimizing ML models...
2026-02-12 18:23:38.917 | INFO     | engines.automl:auto_train:88 - Starting AutoML for binary_classification task on IsDefault
2026-02-12 18:23:38.917 | INFO     | engines.automl:auto_train:96 - Training 9 models with Optuna optimization
2026-02-12 18:23:38.917 | INFO     | engines.automl:auto_train:102 - Optimizing random_forest...
2026-02-12 18:23:54.916 | INFO     | engines.automl:auto_train:111 -   ✓ random_forest: 0.9697±0.0054
2026-02-12 18:23:54.916 | INFO     | engines.automl:auto_train:102 - Optimizing extra_trees...
2026-02-12 18:23:58.872 | INFO     | engines.automl:auto_train:111 -   ✓ extra_trees: 0.8735±0.0428
2026-02-12 18:23:58.873 | INFO     | engines.automl:auto_train:102 - Optimizing xgboost...
2026-02-12 18:24:02.910 | INFO     | engines.automl:auto_train:111 -   ✓ xgboost: 0.9940±0.0025
2026-02-12 18:24:02.911 | INFO     | engines.automl:auto_train:102 - Optimizing lightgbm...
2026-02-12 18:24:22.760 | INFO     | engines.automl:auto_train:111 -   ✓ lightgbm: 0.6413±0.0728
2026-02-12 18:24:22.760 | INFO     | engines.automl:auto_train:102 - Optimizing catboost...
2026-02-12 18:29:24.255 | INFO     | engines.automl:auto_train:111 -   ✓ catboost: 0.7770±0.0568
2026-02-12 18:29:24.255 | INFO     | engines.automl:auto_train:102 - Optimizing gradient_boosting...
2026-02-12 18:29:50.864 | INFO     | engines.automl:auto_train:111 -   ✓ gradient_boosting: 0.5232±0.0463
2026-02-12 18:29:50.864 | INFO     | engines.automl:auto_train:102 - Optimizing logistic_regression...
2026-02-12 18:30:04.654 | INFO     | engines.automl:auto_train:111 -   ✓ logistic_regression: 0.9066±0.0125
2026-02-12 18:30:04.654 | INFO     | engines.automl:auto_train:102 - Optimizing adaboost...
2026-02-12 18:30:06.615 | INFO     | engines.automl:auto_train:111 -   ✓ adaboost: 0.5000±0.0000
2026-02-12 18:30:06.615 | INFO     | engines.automl:auto_train:102 - Optimizing svc...
2026-02-12 18:30:17.292 | INFO     | engines.automl:auto_train:111 -   ✓ svc: 0.8180±0.0426
2026-02-12 18:30:17.292 | INFO     | engines.automl:auto_train:123 - Best model: xgboost (CV: 0.9940)
2026-02-12 18:30:17.292 | INFO     | core.orchestrator:analyze_dataset:122 - Best model: xgboost (CV: 0.9940)
2026-02-12 18:30:17.292 | INFO     | core.orchestrator:analyze_dataset:125 - Step 5/5: Generating AI insights...
2026-02-12 18:30:17.292 | INFO     | engines.insight_generation:generate_all_insights:53 - Generating AI insights...
2026-02-12 18:30:17.292 | INFO     | engines.insight_generation:generate_all_insights:87 - Generated 11 insights
2026-02-12 18:30:17.292 | INFO     | core.orchestrator:analyze_dataset:135 - Generated 11 insights
2026-02-12 18:30:17.333 | INFO     | core.orchestrator:_save_analysis_result:233 - Analysis result saved to /Users/shryqb/PycharmProjects/ai_bi_desktop/cache/train_analysis.pkl
2026-02-12 18:30:17.333 | INFO     | core.orchestrator:analyze_dataset:153 - Analysis complete!
